
> dreamboat_journal_web@0.1.0 build
> next build

Ôû▓ Next.js 16.1.6 (Turbopack)

node.exe : ÔÜá The "middleware" file convention 
is deprecated. Please use "proxy" instead. Learn
 more: https://nextjs.org/docs/messages/middlewa
re-to-proxy
At line:1 char:1
+ & "C:\Program Files\nodejs/node.exe" "C:\Progr
am Files\nodejs/node_mo ...
+ ~~~~~~~~~~~~~~~~~~~~~~~~~~~~~~~~~~~~~~~~~~~~~~
~~~~~~~~~~~~~~~~~~~~~~~
    + CategoryInfo          : NotSpecified: (ÔÜ 
   á The "middle...leware-to-proxy:String) [],  
   RemoteException
    + FullyQualifiedErrorId : NativeCommandErro 
   r
 
  Creating an optimized production build ...
Ô£ô Compiled successfully in 1944.1ms
  Running TypeScript ...
Failed to compile.

.next/types/validator.ts:67:31
Type error: Type 'typeof import("C:/Users/guney/
.gemini/antigravity/scratch/dreamboat_journal_we
b/app/[locale]/layout")' does not satisfy the co
nstraint 'LayoutConfig<"/[locale]">'.
  Types of property 'default' are incompatible.
    Type '({ children, params }: Readonly<{ chil
dren: ReactNode; params: { locale: string; }; }>
) => Promise<Element>' is not assignable to type
 'ComponentType<LayoutProps<"/[locale]">> | ((pr
ops: LayoutProps<"/[locale]">) => void | ReactNo
de | Promise<ReactNode> | Promise<...>)'.
      Type '({ children, params }: Readonly<{ ch
ildren: ReactNode; params: { locale: string; }; 
}>) => Promise<Element>' is not assignable to ty
pe 'FunctionComponent<LayoutProps<"/[locale]">>'
.
        Types of parameters '__0' and 'props' ar
e incompatible.
          Type 'LayoutProps<"/[locale]">' is not
 assignable to type 'Readonly<{ children: ReactN
ode; params: { locale: string; }; }>'.
            Types of property 'params' are incom
patible.
              Property 'locale' is missing in ty
pe 'Promise<{ locale: string; }>' but required i
n type '{ locale: string; }'.

[0m [90m 65 |[39m   type __IsExpected[33m<[
39m[33mSpecific[39m [36mextends[39m [33mLay
outConfig[39m[33m<[39m[32m"/[locale]"[39m[
33m>>[39m [33m=[39m [33mSpecific[39m
 [90m 66 |[39m   [36mconst[39m handler [33m
=[39m {} [36mas[39m [36mtypeof[39m [36mimp
ort[39m([32m"../../app/[locale]/layout.js"[39
m)
[31m[1m>[22m[39m[90m 67 |[39m   type __Che
ck [33m=[39m __IsExpected[33m<[39m[36mtypeo
f[39m handler[33m>[39m
 [90m    |[39m                               
[31m[1m^[22m[39m
 [90m 68 |[39m   [90m// @ts-ignore[39m
 [90m 69 |[39m   type __Unused [33m=[39m __C
heck
 [90m 70 |[39m }[0m
Next.js build worker exited with code: 1 and sig
nal: null
